
> Configure project :app
WARNING: The option setting 'android.disallowKotlinSourceSets=false' is experimental.
The current default is 'true'.

> Task :app:preBuild UP-TO-DATE
> Task :app:preDebugBuild UP-TO-DATE
> Task :app:mergeDebugNativeDebugMetadata NO-SOURCE
> Task :app:generateDebugResources UP-TO-DATE
> Task :app:packageDebugResources UP-TO-DATE
> Task :app:processDebugNavigationResources UP-TO-DATE
> Task :app:parseDebugLocalResources UP-TO-DATE
> Task :app:generateDebugRFile UP-TO-DATE
> Task :app:javaPreCompileDebug UP-TO-DATE
> Task :app:generateDebugAssets UP-TO-DATE
> Task :app:mergeDebugAssets UP-TO-DATE
> Task :app:compressDebugAssets UP-TO-DATE
> Task :app:desugarDebugFileDependencies UP-TO-DATE
> Task :app:checkDebugAarMetadata UP-TO-DATE
> Task :app:compileDebugNavigationResources UP-TO-DATE
> Task :app:mapDebugSourceSetPaths UP-TO-DATE
> Task :app:mergeDebugResources UP-TO-DATE
> Task :app:createDebugCompatibleScreenManifests UP-TO-DATE
> Task :app:extractDeepLinksDebug UP-TO-DATE
> Task :app:processDebugMainManifest UP-TO-DATE
> Task :app:processDebugManifest UP-TO-DATE
> Task :app:processDebugManifestForPackage UP-TO-DATE
> Task :app:processDebugResources UP-TO-DATE
> Task :app:checkDebugDuplicateClasses UP-TO-DATE
> Task :app:mergeExtDexDebug UP-TO-DATE
> Task :app:mergeLibDexDebug UP-TO-DATE
> Task :app:mergeDebugJniLibFolders UP-TO-DATE
> Task :app:mergeDebugNativeLibs UP-TO-DATE
> Task :app:stripDebugDebugSymbols UP-TO-DATE
> Task :app:validateSigningDebug UP-TO-DATE
> Task :app:writeDebugAppMetadata UP-TO-DATE
> Task :app:writeDebugSigningConfigVersions UP-TO-DATE
> Task :app:kspDebugKotlin
> Task :app:compileDebugKotlin
w: Flag is not supported by this version of the compiler: -Xlint:deprecation
w: Flag is not supported by this version of the compiler: -Xlint:unchecked
w: file:///home/admin/AndroidStudioProjects/IPTVRevolut/app/src/main/java/com/stream/iptvrevolut/data/repository/ProfileRepositoryImpl.kt:19:5 This annotation is currently applied to the value parameter only, but in the future it will also be applied to field.
- To opt in to applying to both value parameter and field, add '-Xannotation-default-target=param-property' to your compiler arguments.
- To keep applying to the value parameter only, use the '@param:' annotation target.

See https://youtrack.jetbrains.com/issue/KT-73255 for more details.
w: file:///home/admin/AndroidStudioProjects/IPTVRevolut/app/src/main/java/com/stream/iptvrevolut/di/DatabaseModule.kt:26:10 'fun fallbackToDestructiveMigration(): RoomDatabase.Builder<IPTVDatabase>' is deprecated. Replace by overloaded version with parameter to indicate if all tables should be dropped or not.
w: file:///home/admin/AndroidStudioProjects/IPTVRevolut/app/src/main/java/com/stream/iptvrevolut/di/NetworkModule.kt:80:49 This class is not recommended for use in Kotlin. Use 'kotlin.Int' instead.
w: file:///home/admin/AndroidStudioProjects/IPTVRevolut/app/src/main/java/com/stream/iptvrevolut/di/NetworkModule.kt:82:56 This class is not recommended for use in Kotlin. Use 'kotlin.Long' instead.
w: file:///home/admin/AndroidStudioProjects/IPTVRevolut/app/src/main/java/com/stream/iptvrevolut/di/NetworkModule.kt:84:58 This class is not recommended for use in Kotlin. Use 'kotlin.Double' instead.
w: file:///home/admin/AndroidStudioProjects/IPTVRevolut/app/src/main/java/com/stream/iptvrevolut/di/NetworkModule.kt:86:59 This class is not recommended for use in Kotlin. Use 'kotlin.Boolean' instead.
w: file:///home/admin/AndroidStudioProjects/IPTVRevolut/app/src/main/java/com/stream/iptvrevolut/di/NetworkModule.kt:88:14 'fun setLenient(): GsonBuilder!' is deprecated. Deprecated in Java.
w: file:///home/admin/AndroidStudioProjects/IPTVRevolut/app/src/main/java/com/stream/iptvrevolut/presentation/screens/livetv/LiveTvScreen.kt:174:52 'val Icons.Filled.Sort: ImageVector' is deprecated. Use the AutoMirrored version at Icons.AutoMirrored.Filled.Sort.
w: file:///home/admin/AndroidStudioProjects/IPTVRevolut/app/src/main/java/com/stream/iptvrevolut/presentation/screens/moviedetail/MovieDetailScreen.kt:250:43 Unnecessary non-null assertion (!!) on a non-null receiver of type 'VodInfoDto'.
w: file:///home/admin/AndroidStudioProjects/IPTVRevolut/app/src/main/java/com/stream/iptvrevolut/presentation/screens/moviedetail/MovieDetailScreen.kt:250:50 Unnecessary non-null assertion (!!) on a non-null receiver of type 'VodInfoDetailDto'.
w: file:///home/admin/AndroidStudioProjects/IPTVRevolut/app/src/main/java/com/stream/iptvrevolut/presentation/screens/moviedetail/MovieDetailScreen.kt:250:57 Unnecessary non-null assertion (!!) on a non-null receiver of type 'String'.
w: file:///home/admin/AndroidStudioProjects/IPTVRevolut/app/src/main/java/com/stream/iptvrevolut/presentation/screens/movies/MoviesScreen.kt:138:48 'val Icons.Filled.Sort: ImageVector' is deprecated. Use the AutoMirrored version at Icons.AutoMirrored.Filled.Sort.
w: file:///home/admin/AndroidStudioProjects/IPTVRevolut/app/src/main/java/com/stream/iptvrevolut/presentation/screens/series/SeriesScreen.kt:138:48 'val Icons.Filled.Sort: ImageVector' is deprecated. Use the AutoMirrored version at Icons.AutoMirrored.Filled.Sort.
w: file:///home/admin/AndroidStudioProjects/IPTVRevolut/app/src/main/java/com/stream/iptvrevolut/presentation/theme/Theme.kt:65:20 'var statusBarColor: Int' is deprecated. Deprecated in Java.
w: file:///home/admin/AndroidStudioProjects/IPTVRevolut/app/src/main/java/com/stream/iptvrevolut/presentation/theme/Theme.kt:66:20 'var navigationBarColor: Int' is deprecated. Deprecated in Java.

> Task :app:compileDebugJavaWithJavac
> Task :app:hiltSyncDebug
> Task :app:hiltAggregateDepsDebug UP-TO-DATE

> Task :app:hiltJavaCompileDebug
/home/admin/AndroidStudioProjects/IPTVRevolut/app/build/generated/hilt/component_sources/debug/com/stream/iptvrevolut/IPTVApplication_HiltComponents.java:152: error: [Dagger/MissingBinding] com.google.gson.Gson cannot be provided without an @Inject constructor or an @Provides-annotated method.
  public abstract static class SingletonC implements IPTVApplication_GeneratedInjector,
                         ^
  
      com.google.gson.Gson is injected at
          [com.stream.iptvrevolut.IPTVApplication_HiltComponents.SingletonC] com.stream.iptvrevolut.data.repository.VodRepositoryImpl(…, gson)
      com.stream.iptvrevolut.data.repository.VodRepositoryImpl is injected at
          [com.stream.iptvrevolut.IPTVApplication_HiltComponents.SingletonC] com.stream.iptvrevolut.di.RepositoryModule.bindVodRepository(vodRepositoryImpl)
      com.stream.iptvrevolut.domain.repository.VodRepository is injected at
          [com.stream.iptvrevolut.IPTVApplication_HiltComponents.ViewModelC] com.stream.iptvrevolut.presentation.screens.home.HomeViewModel(…, vodRepository, …)
      com.stream.iptvrevolut.presentation.screens.home.HomeViewModel is injected at
          [com.stream.iptvrevolut.IPTVApplication_HiltComponents.ViewModelC] com.stream.iptvrevolut.presentation.screens.home.HomeViewModel_HiltModules.BindsModule.binds(vm)
      @dagger.hilt.android.internal.lifecycle.HiltViewModelMap java.util.Map<java.lang.Class<?>,javax.inject.Provider<androidx.lifecycle.ViewModel>> is requested at
          [com.stream.iptvrevolut.IPTVApplication_HiltComponents.ViewModelC] dagger.hilt.android.internal.lifecycle.HiltViewModelFactory.ViewModelFactoriesEntryPoint.getHiltViewModelMap() [com.stream.iptvrevolut.IPTVApplication_HiltComponents.SingletonC → com.stream.iptvrevolut.IPTVApplication_HiltComponents.ActivityRetainedC → com.stream.iptvrevolut.IPTVApplication_HiltComponents.ViewModelC]
  It is also requested at:
      com.stream.iptvrevolut.data.repository.SeriesRepositoryImpl(…, gson)
1 error

> Task :app:hiltJavaCompileDebug FAILED

[Incubating] Problems report is available at: file:///home/admin/AndroidStudioProjects/IPTVRevolut/build/reports/problems/problems-report.html

FAILURE: Build failed with an exception.

* What went wrong:
Execution failed for task ':app:hiltJavaCompileDebug'.
> Compilation failed; see the compiler output below.
  /home/admin/AndroidStudioProjects/IPTVRevolut/app/build/generated/hilt/component_sources/debug/com/stream/iptvrevolut/IPTVApplication_HiltComponents.java:152: error: [Dagger/MissingBinding] com.google.gson.Gson cannot be provided without an @Inject constructor or an @Provides-annotated method.
    public abstract static class SingletonC implements IPTVApplication_GeneratedInjector,
                           ^
    
        com.google.gson.Gson is injected at
            [com.stream.iptvrevolut.IPTVApplication_HiltComponents.SingletonC] com.stream.iptvrevolut.data.repository.VodRepositoryImpl(…, gson)
        com.stream.iptvrevolut.data.repository.VodRepositoryImpl is injected at
            [com.stream.iptvrevolut.IPTVApplication_HiltComponents.SingletonC] com.stream.iptvrevolut.di.RepositoryModule.bindVodRepository(vodRepositoryImpl)
        com.stream.iptvrevolut.domain.repository.VodRepository is injected at
            [com.stream.iptvrevolut.IPTVApplication_HiltComponents.ViewModelC] com.stream.iptvrevolut.presentation.screens.home.HomeViewModel(…, vodRepository, …)
        com.stream.iptvrevolut.presentation.screens.home.HomeViewModel is injected at
            [com.stream.iptvrevolut.IPTVApplication_HiltComponents.ViewModelC] com.stream.iptvrevolut.presentation.screens.home.HomeViewModel_HiltModules.BindsModule.binds(vm)
        @dagger.hilt.android.internal.lifecycle.HiltViewModelMap java.util.Map<java.lang.Class<?>,javax.inject.Provider<androidx.lifecycle.ViewModel>> is requested at
            [com.stream.iptvrevolut.IPTVApplication_HiltComponents.ViewModelC] dagger.hilt.android.internal.lifecycle.HiltViewModelFactory.ViewModelFactoriesEntryPoint.getHiltViewModelMap() [com.stream.iptvrevolut.IPTVApplication_HiltComponents.SingletonC → com.stream.iptvrevolut.IPTVApplication_HiltComponents.ActivityRetainedC → com.stream.iptvrevolut.IPTVApplication_HiltComponents.ViewModelC]
    It is also requested at:
        com.stream.iptvrevolut.data.repository.SeriesRepositoryImpl(…, gson)
  1 error

* Try:
> Check your code and dependencies to fix the compilation error(s)
> Run with --scan to generate a Build Scan (Powered by Develocity).

BUILD FAILED in 44s
34 actionable tasks: 5 executed, 29 up-to-date
