Starting a Gradle Daemon (subsequent builds will be faster)

> Configure project :app
WARNING: The option setting 'android.disallowKotlinSourceSets=false' is experimental.
The current default is 'true'.

> Task :app:preBuild UP-TO-DATE
> Task :app:preDebugBuild UP-TO-DATE
> Task :app:mergeDebugNativeDebugMetadata NO-SOURCE
> Task :app:generateDebugResources
> Task :app:packageDebugResources
> Task :app:processDebugNavigationResources
> Task :app:javaPreCompileDebug UP-TO-DATE
> Task :app:generateDebugAssets UP-TO-DATE
> Task :app:parseDebugLocalResources
> Task :app:mergeDebugAssets UP-TO-DATE
> Task :app:compressDebugAssets UP-TO-DATE
> Task :app:desugarDebugFileDependencies UP-TO-DATE
> Task :app:generateDebugRFile
> Task :app:checkDebugAarMetadata UP-TO-DATE
> Task :app:compileDebugNavigationResources UP-TO-DATE
> Task :app:mapDebugSourceSetPaths
> Task :app:createDebugCompatibleScreenManifests UP-TO-DATE
> Task :app:extractDeepLinksDebug UP-TO-DATE
> Task :app:processDebugMainManifest
> Task :app:mergeDebugResources
> Task :app:processDebugManifest
> Task :app:checkDebugDuplicateClasses UP-TO-DATE
> Task :app:mergeExtDexDebug UP-TO-DATE
> Task :app:mergeLibDexDebug UP-TO-DATE
> Task :app:mergeDebugJniLibFolders UP-TO-DATE
> Task :app:mergeDebugNativeLibs UP-TO-DATE
> Task :app:stripDebugDebugSymbols UP-TO-DATE
> Task :app:validateSigningDebug UP-TO-DATE
> Task :app:writeDebugAppMetadata UP-TO-DATE
> Task :app:writeDebugSigningConfigVersions UP-TO-DATE
> Task :app:processDebugManifestForPackage
> Task :app:processDebugResources
> Task :app:kspDebugKotlin

> Task :app:compileDebugKotlin FAILED
w: Flag is not supported by this version of the compiler: -Xlint:deprecation
w: Flag is not supported by this version of the compiler: -Xlint:unchecked
e: file:///home/admin/AndroidStudioProjects/IPTVRevolut/app/src/main/java/com/stream/iptvrevolut/presentation/screens/livetv/LiveTvScreen.kt:133:103 Unresolved reference 'Close'.
e: file:///home/admin/AndroidStudioProjects/IPTVRevolut/app/src/main/java/com/stream/iptvrevolut/presentation/screens/livetv/LiveTvViewModel.kt:42:54 Cannot infer type for type parameter 'T2'. Specify it explicitly.
e: file:///home/admin/AndroidStudioProjects/IPTVRevolut/app/src/main/java/com/stream/iptvrevolut/presentation/screens/livetv/LiveTvViewModel.kt:42:54 Cannot infer type for type parameter 'T3'. Specify it explicitly.
e: file:///home/admin/AndroidStudioProjects/IPTVRevolut/app/src/main/java/com/stream/iptvrevolut/presentation/screens/livetv/LiveTvViewModel.kt:42:54 Cannot infer type for type parameter 'R'. Specify it explicitly.
e: file:///home/admin/AndroidStudioProjects/IPTVRevolut/app/src/main/java/com/stream/iptvrevolut/presentation/screens/livetv/LiveTvViewModel.kt:44:9 Unresolved reference 'snapshotFlow'.
e: file:///home/admin/AndroidStudioProjects/IPTVRevolut/app/src/main/java/com/stream/iptvrevolut/presentation/screens/livetv/LiveTvViewModel.kt:45:9 Unresolved reference 'snapshotFlow'.
e: file:///home/admin/AndroidStudioProjects/IPTVRevolut/app/src/main/java/com/stream/iptvrevolut/presentation/screens/livetv/LiveTvViewModel.kt:46:18 Cannot infer type for type parameter 'T2'. Specify it explicitly.
e: file:///home/admin/AndroidStudioProjects/IPTVRevolut/app/src/main/java/com/stream/iptvrevolut/presentation/screens/livetv/LiveTvViewModel.kt:46:25 Cannot infer type for type parameter 'T3'. Specify it explicitly.
e: file:///home/admin/AndroidStudioProjects/IPTVRevolut/app/src/main/java/com/stream/iptvrevolut/presentation/screens/settings/SettingsScreen.kt:157:21 Unresolved reference 'remember'.

FAILURE: Build failed with an exception.

* What went wrong:
Execution failed for task ':app:compileDebugKotlin'.
> A failure occurred while executing org.jetbrains.kotlin.compilerRunner.GradleCompilerRunnerWithWorkers$GradleKotlinCompilerWorkAction
   > Compilation error. See log for more details

* Try:
> Run with --stacktrace option to get the stack trace.
> Run with --info or --debug option to get more log output.
> Run with --scan to generate a Build Scan (Powered by Develocity).
> Get more help at https://help.gradle.org.

BUILD FAILED in 1m 35s
30 actionable tasks: 13 executed, 17 up-to-date
