Starting a Gradle Daemon, 1 incompatible and 1 stopped Daemons could not be reused, use --status for details

> Configure project :app
WARNING: The option setting 'android.disallowKotlinSourceSets=false' is experimental.
The current default is 'true'.

> Task :app:preBuild UP-TO-DATE
> Task :app:preDebugBuild UP-TO-DATE
> Task :app:mergeDebugNativeDebugMetadata NO-SOURCE
> Task :app:generateDebugResources UP-TO-DATE
> Task :app:packageDebugResources UP-TO-DATE
> Task :app:processDebugNavigationResources UP-TO-DATE
> Task :app:parseDebugLocalResources UP-TO-DATE
> Task :app:generateDebugRFile UP-TO-DATE
> Task :app:javaPreCompileDebug UP-TO-DATE
> Task :app:generateDebugAssets UP-TO-DATE
> Task :app:mergeDebugAssets UP-TO-DATE
> Task :app:compressDebugAssets UP-TO-DATE
> Task :app:desugarDebugFileDependencies UP-TO-DATE
> Task :app:checkDebugAarMetadata UP-TO-DATE
> Task :app:compileDebugNavigationResources UP-TO-DATE
> Task :app:mapDebugSourceSetPaths UP-TO-DATE
> Task :app:mergeDebugResources UP-TO-DATE
> Task :app:createDebugCompatibleScreenManifests UP-TO-DATE
> Task :app:extractDeepLinksDebug UP-TO-DATE

> Task :app:processDebugMainManifest FAILED
/home/admin/AndroidStudioProjects/IPTVRevolut/app/src/main/AndroidManifest.xml:32:13-63 Error:
	Attribute provider#androidx.startup.InitializationProvider@authorities value=(com.stream.iptvrevolut.app-startup) from AndroidManifest.xml:32:13-63
	is also present at [androidx.emoji2:emoji2:1.4.0] AndroidManifest.xml:26:13-68 value=(com.stream.iptvrevolut.androidx-startup).
	Suggestion: add 'tools:replace="android:authorities"' to <provider> element at AndroidManifest.xml:30:9-39:20 to override.

See https://developer.android.com/r/studio-ui/build/manifest-merger for more information about the manifest merger.


> Task :app:kspDebugKotlin
e: [ksp] /home/admin/AndroidStudioProjects/IPTVRevolut/app/src/main/java/com/stream/iptvrevolut/data/local/dao/DownloadDao.kt:31: Not sure how to handle query function's return type (com.stream.iptvrevolut.`data`.local.entity.download.DownloadEntity?). UPDATE query functions must either return void or int (the number of updated rows).
e: [ksp] InjectProcessingStep was unable to process 'workerFactory' because 'HiltWorkerFactory' could not be resolved.

Dependency trace:
    => element (CLASS): com.stream.iptvrevolut.IPTVApplication
    => element (FIELD): workerFactory
    => type (ERROR field type): HiltWorkerFactory

If type 'HiltWorkerFactory' is a generated type, check above for compilation errors that may have prevented the type from being generated. Otherwise, ensure that type 'HiltWorkerFactory' is on your classpath.
e: [ksp] InjectProcessingStep was unable to process 'DownloadWorker(android.content.Context,WorkerParameters,com.stream.iptvrevolut.data.local.dao.DownloadDao,okhttp3.OkHttpClient)' because 'WorkerParameters' could not be resolved.

Dependency trace:
    => element (CLASS): com.stream.iptvrevolut.data.worker.download.DownloadWorker
    => element (CONSTRUCTOR): DownloadWorker(android.content.Context,WorkerParameters,com.stream.iptvrevolut.data.local.dao.DownloadDao,okhttp3.OkHttpClient)
    => type (EXECUTABLE constructor): (android.content.Context,WorkerParameters,com.stream.iptvrevolut.data.local.dao.DownloadDao,okhttp3.OkHttpClient)void
    => type (ERROR parameter type): WorkerParameters

If type 'WorkerParameters' is a generated type, check above for compilation errors that may have prevented the type from being generated. Otherwise, ensure that type 'WorkerParameters' is on your classpath.
e: [ksp] AssistedProcessingStep was unable to process 'workerParams' because 'WorkerParameters' could not be resolved.

Dependency trace:
    => element (CLASS): com.stream.iptvrevolut.data.worker.download.DownloadWorker
    => element (CONSTRUCTOR): DownloadWorker(android.content.Context,WorkerParameters,com.stream.iptvrevolut.data.local.dao.DownloadDao,okhttp3.OkHttpClient)
    => element (PARAMETER): workerParams
    => type (ERROR parameter type): WorkerParameters

If type 'WorkerParameters' is a generated type, check above for compilation errors that may have prevented the type from being generated. Otherwise, ensure that type 'WorkerParameters' is on your classpath.

> Task :app:kspDebugKotlin FAILED

FAILURE: Build completed with 2 failures.

1: Task failed with an exception.
-----------
* What went wrong:
Execution failed for task ':app:processDebugMainManifest'.
> Manifest merger failed : Attribute provider#androidx.startup.InitializationProvider@authorities value=(com.stream.iptvrevolut.app-startup) from AndroidManifest.xml:32:13-63
  	is also present at [androidx.emoji2:emoji2:1.4.0] AndroidManifest.xml:26:13-68 value=(com.stream.iptvrevolut.androidx-startup).
  	Suggestion: add 'tools:replace="android:authorities"' to <provider> element at AndroidManifest.xml:30:9-39:20 to override.

* Try:
> Run with --stacktrace option to get the stack trace.
> Run with --info or --debug option to get more log output.
> Run with --scan to generate a Build Scan (Powered by Develocity).
> Get more help at https://help.gradle.org.
==============================================================================

2: Task failed with an exception.
-----------
* What went wrong:
Execution failed for task ':app:kspDebugKotlin'.
> A failure occurred while executing com.google.devtools.ksp.gradle.KspAAWorkerAction
   > KSP failed with exit code: PROCESSING_ERROR

* Try:
> Run with --stacktrace option to get the stack trace.
> Run with --info or --debug option to get more log output.
> Run with --scan to generate a Build Scan (Powered by Develocity).
> Get more help at https://help.gradle.org.
==============================================================================

BUILD FAILED in 47s
17 actionable tasks: 2 executed, 15 up-to-date
