
> Configure project :app
WARNING: The option setting 'android.disallowKotlinSourceSets=false' is experimental.
The current default is 'true'.
w: file:///home/admin/AndroidStudioProjects/IPTVRevolut/app/build.gradle.kts:44:20: 'fun srcDir(srcDir: Any): Any' is deprecated. Use `directories` mutable set instead.
w: file:///home/admin/AndroidStudioProjects/IPTVRevolut/app/build.gradle.kts:47:20: 'fun srcDir(srcDir: Any): Any' is deprecated. Use `directories` mutable set instead.

> Task :app:preBuild UP-TO-DATE
> Task :app:preDebugBuild UP-TO-DATE
> Task :app:mergeDebugNativeDebugMetadata NO-SOURCE
> Task :app:generateDebugResources
> Task :app:packageDebugResources
> Task :app:processDebugNavigationResources
> Task :app:generateDebugAssets UP-TO-DATE
> Task :app:javaPreCompileDebug
> Task :app:parseDebugLocalResources
> Task :app:mergeDebugAssets
> Task :app:desugarDebugFileDependencies
> Task :app:compressDebugAssets
> Task :app:generateDebugRFile
> Task :app:checkDebugAarMetadata
> Task :app:compileDebugNavigationResources
> Task :app:mapDebugSourceSetPaths
> Task :app:createDebugCompatibleScreenManifests
> Task :app:extractDeepLinksDebug
> Task :app:mergeDebugResources
> Task :app:processDebugMainManifest
> Task :app:processDebugManifest
> Task :app:mergeDebugJniLibFolders
> Task :app:checkDebugDuplicateClasses
> Task :app:mergeDebugNativeLibs
> Task :app:kspDebugKotlin
> Task :app:processDebugManifestForPackage
> Task :app:mergeExtDexDebug
> Task :app:mergeLibDexDebug

> Task :app:stripDebugDebugSymbols
Unable to strip the following libraries, packaging them as they are: libandroidx.graphics.path.so. Run with --info option to learn more.

> Task :app:validateSigningDebug
> Task :app:writeDebugAppMetadata
> Task :app:writeDebugSigningConfigVersions
> Task :app:processDebugResources

> Task :app:compileDebugKotlin FAILED
w: Flag is not supported by this version of the compiler: -Xlint:deprecation
w: Flag is not supported by this version of the compiler: -Xlint:unchecked
e: file:///home/admin/AndroidStudioProjects/IPTVRevolut/app/src/main/java/com/stream/iptvrevolut/data/local/dao/LiveTvDao.kt:53:9 Unresolved reference 'insertCategories'.
e: file:///home/admin/AndroidStudioProjects/IPTVRevolut/app/src/main/java/com/stream/iptvrevolut/data/local/dao/LiveTvDao.kt:65:9 Unresolved reference 'insertCategories'.
e: file:///home/admin/AndroidStudioProjects/IPTVRevolut/app/src/main/java/com/stream/iptvrevolut/data/local/dao/SeriesDao.kt:47:9 Unresolved reference 'insertCategories'.
e: file:///home/admin/AndroidStudioProjects/IPTVRevolut/app/src/main/java/com/stream/iptvrevolut/data/local/dao/SeriesDao.kt:53:9 Unresolved reference 'insertStreams'.
e: file:///home/admin/AndroidStudioProjects/IPTVRevolut/app/src/main/java/com/stream/iptvrevolut/data/local/dao/SeriesDao.kt:59:9 Unresolved reference 'insertCategories'.
e: file:///home/admin/AndroidStudioProjects/IPTVRevolut/app/src/main/java/com/stream/iptvrevolut/data/local/dao/SeriesDao.kt:61:9 Unresolved reference 'insertStreams'.
e: file:///home/admin/AndroidStudioProjects/IPTVRevolut/app/src/main/java/com/stream/iptvrevolut/data/local/dao/VodDao.kt:47:9 Unresolved reference 'insertCategories'.
e: file:///home/admin/AndroidStudioProjects/IPTVRevolut/app/src/main/java/com/stream/iptvrevolut/data/local/dao/VodDao.kt:53:9 Unresolved reference 'insertStreams'.
e: file:///home/admin/AndroidStudioProjects/IPTVRevolut/app/src/main/java/com/stream/iptvrevolut/data/local/dao/VodDao.kt:59:9 Unresolved reference 'insertCategories'.
e: file:///home/admin/AndroidStudioProjects/IPTVRevolut/app/src/main/java/com/stream/iptvrevolut/data/local/dao/VodDao.kt:61:9 Unresolved reference 'insertStreams'.
e: file:///home/admin/AndroidStudioProjects/IPTVRevolut/app/src/main/java/com/stream/iptvrevolut/data/repository/LiveTvRepositoryImpl.kt:99:38 Unresolved reference 'getAllStreams'.
e: file:///home/admin/AndroidStudioProjects/IPTVRevolut/app/src/main/java/com/stream/iptvrevolut/data/repository/LiveTvRepositoryImpl.kt:100:31 Unresolved reference 'getStreamsByCategory'.
e: file:///home/admin/AndroidStudioProjects/IPTVRevolut/app/src/main/java/com/stream/iptvrevolut/data/repository/LiveTvRepositoryImpl.kt:123:26 Unresolved reference 'searchStreams'.
e: file:///home/admin/AndroidStudioProjects/IPTVRevolut/app/src/main/java/com/stream/iptvrevolut/data/repository/SeriesRepositoryImpl.kt:68:57 Cannot infer type for type parameter 'K'. Specify it explicitly.
e: file:///home/admin/AndroidStudioProjects/IPTVRevolut/app/src/main/java/com/stream/iptvrevolut/data/repository/SeriesRepositoryImpl.kt:68:57 Cannot infer type for type parameter 'V'. Specify it explicitly.
e: file:///home/admin/AndroidStudioProjects/IPTVRevolut/app/src/main/java/com/stream/iptvrevolut/data/repository/SeriesRepositoryImpl.kt:78:108 No value passed for parameter 'password'.
e: file:///home/admin/AndroidStudioProjects/IPTVRevolut/app/src/main/java/com/stream/iptvrevolut/data/repository/SeriesRepositoryImpl.kt:89:116 Argument type mismatch: actual type is 'String?', but 'String' was expected.
e: file:///home/admin/AndroidStudioProjects/IPTVRevolut/app/src/main/java/com/stream/iptvrevolut/data/repository/SeriesRepositoryImpl.kt:99:99 Unresolved reference 'insertStreams'.
e: file:///home/admin/AndroidStudioProjects/IPTVRevolut/app/src/main/java/com/stream/iptvrevolut/data/repository/SeriesRepositoryImpl.kt:104:94 Unresolved reference 'getCategories'.
e: file:///home/admin/AndroidStudioProjects/IPTVRevolut/app/src/main/java/com/stream/iptvrevolut/data/repository/SeriesRepositoryImpl.kt:110:38 Unresolved reference 'getAllStreams'.
e: file:///home/admin/AndroidStudioProjects/IPTVRevolut/app/src/main/java/com/stream/iptvrevolut/data/repository/SeriesRepositoryImpl.kt:111:31 Unresolved reference 'getStreamsByCategory'.
e: file:///home/admin/AndroidStudioProjects/IPTVRevolut/app/src/main/java/com/stream/iptvrevolut/data/repository/SeriesRepositoryImpl.kt:130:19 Unresolved reference 'searchStreams'.
e: file:///home/admin/AndroidStudioProjects/IPTVRevolut/app/src/main/java/com/stream/iptvrevolut/data/repository/VodRepositoryImpl.kt:124:24 Unresolved reference 'insertStreams'.
e: file:///home/admin/AndroidStudioProjects/IPTVRevolut/app/src/main/java/com/stream/iptvrevolut/data/repository/VodRepositoryImpl.kt:133:16 Unresolved reference 'getCategories'.
e: file:///home/admin/AndroidStudioProjects/IPTVRevolut/app/src/main/java/com/stream/iptvrevolut/data/repository/VodRepositoryImpl.kt:139:35 Unresolved reference 'getAllStreams'.
e: file:///home/admin/AndroidStudioProjects/IPTVRevolut/app/src/main/java/com/stream/iptvrevolut/data/repository/VodRepositoryImpl.kt:140:28 Unresolved reference 'getStreamsByCategory'.
e: file:///home/admin/AndroidStudioProjects/IPTVRevolut/app/src/main/java/com/stream/iptvrevolut/data/repository/VodRepositoryImpl.kt:159:16 Unresolved reference 'searchStreams'.

FAILURE: Build failed with an exception.

* What went wrong:
Execution failed for task ':app:compileDebugKotlin'.
> A failure occurred while executing org.jetbrains.kotlin.compilerRunner.GradleCompilerRunnerWithWorkers$GradleKotlinCompilerWorkAction
   > Compilation error. See log for more details

* Try:
> Run with --stacktrace option to get the stack trace.
> Run with --info or --debug option to get more log output.
> Run with --scan to generate a Build Scan (Powered by Develocity).
> Get more help at https://help.gradle.org.

BUILD FAILED in 4m 15s
30 actionable tasks: 30 executed
