
> Configure project :app
WARNING: The option setting 'android.disallowKotlinSourceSets=false' is experimental.
The current default is 'true'.

> Task :app:preBuild UP-TO-DATE
> Task :app:preDebugBuild UP-TO-DATE
> Task :app:mergeDebugNativeDebugMetadata NO-SOURCE
> Task :app:generateDebugResources UP-TO-DATE
> Task :app:packageDebugResources UP-TO-DATE
> Task :app:processDebugNavigationResources UP-TO-DATE
> Task :app:parseDebugLocalResources UP-TO-DATE
> Task :app:generateDebugRFile UP-TO-DATE
> Task :app:javaPreCompileDebug UP-TO-DATE
> Task :app:generateDebugAssets UP-TO-DATE
> Task :app:mergeDebugAssets UP-TO-DATE
> Task :app:compressDebugAssets UP-TO-DATE
> Task :app:desugarDebugFileDependencies UP-TO-DATE
> Task :app:checkDebugAarMetadata UP-TO-DATE
> Task :app:compileDebugNavigationResources UP-TO-DATE
> Task :app:mapDebugSourceSetPaths UP-TO-DATE
> Task :app:mergeDebugResources UP-TO-DATE
> Task :app:createDebugCompatibleScreenManifests UP-TO-DATE
> Task :app:extractDeepLinksDebug UP-TO-DATE
> Task :app:processDebugMainManifest UP-TO-DATE
> Task :app:processDebugManifest UP-TO-DATE
> Task :app:processDebugManifestForPackage UP-TO-DATE
> Task :app:processDebugResources UP-TO-DATE
> Task :app:checkDebugDuplicateClasses UP-TO-DATE
> Task :app:mergeExtDexDebug UP-TO-DATE
> Task :app:mergeLibDexDebug UP-TO-DATE
> Task :app:mergeDebugJniLibFolders UP-TO-DATE
> Task :app:mergeDebugNativeLibs UP-TO-DATE
> Task :app:stripDebugDebugSymbols UP-TO-DATE
> Task :app:validateSigningDebug UP-TO-DATE
> Task :app:writeDebugAppMetadata UP-TO-DATE
> Task :app:writeDebugSigningConfigVersions UP-TO-DATE
> Task :app:kspDebugKotlin

> Task :app:compileDebugKotlin
w: Flag is not supported by this version of the compiler: -Xlint:deprecation
w: Flag is not supported by this version of the compiler: -Xlint:unchecked
w: file:///home/admin/AndroidStudioProjects/IPTVRevolut/app/src/main/java/com/stream/iptvrevolut/presentation/screens/livetv/components/VideoPlayer.kt:61:26 'val LocalLifecycleOwner: ProvidableCompositionLocal<LifecycleOwner>' is deprecated. Moved to lifecycle-runtime-compose library in androidx.lifecycle.compose package.
w: file:///home/admin/AndroidStudioProjects/IPTVRevolut/app/src/main/java/com/stream/iptvrevolut/presentation/screens/livetv/components/VideoPlayer.kt:214:24 'var systemUiVisibility: Int' is deprecated. Deprecated in Java.
w: file:///home/admin/AndroidStudioProjects/IPTVRevolut/app/src/main/java/com/stream/iptvrevolut/presentation/screens/livetv/components/VideoPlayer.kt:214:63 'static field SYSTEM_UI_FLAG_FULLSCREEN: Int' is deprecated. Deprecated in Java.
w: file:///home/admin/AndroidStudioProjects/IPTVRevolut/app/src/main/java/com/stream/iptvrevolut/presentation/screens/livetv/components/VideoPlayer.kt:214:110 'static field SYSTEM_UI_FLAG_HIDE_NAVIGATION: Int' is deprecated. Deprecated in Java.
w: file:///home/admin/AndroidStudioProjects/IPTVRevolut/app/src/main/java/com/stream/iptvrevolut/presentation/screens/livetv/components/VideoPlayer.kt:214:162 'static field SYSTEM_UI_FLAG_IMMERSIVE_STICKY: Int' is deprecated. Deprecated in Java.
w: file:///home/admin/AndroidStudioProjects/IPTVRevolut/app/src/main/java/com/stream/iptvrevolut/presentation/screens/livetv/components/VideoPlayer.kt:216:24 'var systemUiVisibility: Int' is deprecated. Deprecated in Java.
w: file:///home/admin/AndroidStudioProjects/IPTVRevolut/app/src/main/java/com/stream/iptvrevolut/presentation/screens/livetv/components/VideoPlayer.kt:216:63 'static field SYSTEM_UI_FLAG_VISIBLE: Int' is deprecated. Deprecated in Java.

> Task :app:compileDebugJavaWithJavac UP-TO-DATE
> Task :app:hiltSyncDebug
> Task :app:hiltAggregateDepsDebug UP-TO-DATE
> Task :app:hiltJavaCompileDebug UP-TO-DATE
> Task :app:processDebugJavaRes UP-TO-DATE
> Task :app:mergeDebugJavaResource UP-TO-DATE
> Task :app:transformDebugClassesWithAsm
> Task :app:dexBuilderDebug
> Task :app:mergeProjectDexDebug
> Task :app:mergeDebugGlobalSynthetics
> Task :app:packageDebug
> Task :app:createDebugApkListingFileRedirect
> Task :app:assembleDebug

BUILD SUCCESSFUL in 11s
42 actionable tasks: 9 executed, 33 up-to-date
Consider enabling configuration cache to speed up this build: https://docs.gradle.org/9.1.0/userguide/configuration_cache_enabling.html
