
> Configure project :app
WARNING: The option setting 'android.disallowKotlinSourceSets=false' is experimental.
The current default is 'true'.

> Task :app:preBuild UP-TO-DATE
> Task :app:preDebugBuild UP-TO-DATE
> Task :app:mergeDebugNativeDebugMetadata NO-SOURCE
> Task :app:generateDebugResources UP-TO-DATE
> Task :app:packageDebugResources UP-TO-DATE
> Task :app:processDebugNavigationResources UP-TO-DATE
> Task :app:parseDebugLocalResources UP-TO-DATE
> Task :app:generateDebugRFile UP-TO-DATE
> Task :app:javaPreCompileDebug UP-TO-DATE
> Task :app:generateDebugAssets UP-TO-DATE
> Task :app:mergeDebugAssets UP-TO-DATE
> Task :app:compressDebugAssets UP-TO-DATE
> Task :app:desugarDebugFileDependencies UP-TO-DATE
> Task :app:checkDebugAarMetadata UP-TO-DATE
> Task :app:compileDebugNavigationResources UP-TO-DATE
> Task :app:mapDebugSourceSetPaths UP-TO-DATE
> Task :app:mergeDebugResources UP-TO-DATE
> Task :app:createDebugCompatibleScreenManifests UP-TO-DATE
> Task :app:extractDeepLinksDebug UP-TO-DATE
> Task :app:processDebugMainManifest
> Task :app:processDebugManifest
> Task :app:checkDebugDuplicateClasses UP-TO-DATE
> Task :app:mergeExtDexDebug UP-TO-DATE
> Task :app:mergeLibDexDebug UP-TO-DATE
> Task :app:mergeDebugJniLibFolders UP-TO-DATE
> Task :app:mergeDebugNativeLibs UP-TO-DATE
> Task :app:stripDebugDebugSymbols UP-TO-DATE
> Task :app:validateSigningDebug UP-TO-DATE
> Task :app:writeDebugAppMetadata UP-TO-DATE
> Task :app:processDebugManifestForPackage
> Task :app:writeDebugSigningConfigVersions UP-TO-DATE
> Task :app:processDebugResources
> Task :app:kspDebugKotlin

> Task :app:compileDebugKotlin
w: Flag is not supported by this version of the compiler: -Xlint:deprecation
w: Flag is not supported by this version of the compiler: -Xlint:unchecked
e: file:///home/admin/AndroidStudioProjects/IPTVRevolut/app/src/main/java/com/stream/iptvrevolut/presentation/screens/livetv/LiveTvScreen.kt:64:9 Cannot infer type for type parameter 'T'. Specify it explicitly.
e: file:///home/admin/AndroidStudioProjects/IPTVRevolut/app/src/main/java/com/stream/iptvrevolut/presentation/screens/livetv/LiveTvScreen.kt:64:32 None of the following candidates is applicable:

val ColorSchemeKeyTokens.value: Color:
  Unresolved reference. None of the following candidates is applicable because of a receiver type mismatch:
val ColorSchemeKeyTokens.value: Color

val ShapeKeyTokens.value: Shape:
  Unresolved reference. None of the following candidates is applicable because of a receiver type mismatch:
val ShapeKeyTokens.value: Shape

val TypographyKeyTokens.value: TextStyle:
  Unresolved reference. None of the following candidates is applicable because of a receiver type mismatch:
val TypographyKeyTokens.value: TextStyle
e: file:///home/admin/AndroidStudioProjects/IPTVRevolut/app/src/main/java/com/stream/iptvrevolut/presentation/screens/livetv/LiveTvScreen.kt:64:50 Cannot infer type for type parameter 'T'. Specify it explicitly.
e: file:///home/admin/AndroidStudioProjects/IPTVRevolut/app/src/main/java/com/stream/iptvrevolut/presentation/screens/movies/MoviesScreen.kt:59:9 Cannot infer type for type parameter 'T'. Specify it explicitly.
e: file:///home/admin/AndroidStudioProjects/IPTVRevolut/app/src/main/java/com/stream/iptvrevolut/presentation/screens/movies/MoviesScreen.kt:59:31 None of the following candidates is applicable:

val ColorSchemeKeyTokens.value: Color:
  Unresolved reference. None of the following candidates is applicable because of a receiver type mismatch:
val ColorSchemeKeyTokens.value: Color

val ShapeKeyTokens.value: Shape:
  Unresolved reference. None of the following candidates is applicable because of a receiver type mismatch:
val ShapeKeyTokens.value: Shape

val TypographyKeyTokens.value: TextStyle:
  Unresolved reference. None of the following candidates is applicable because of a receiver type mismatch:
val TypographyKeyTokens.value: TextStyle
e: file:///home/admin/AndroidStudioProjects/IPTVRevolut/app/src/main/java/com/stream/iptvrevolut/presentation/screens/movies/MoviesScreen.kt:59:49 Cannot infer type for type parameter 'T'. Specify it explicitly.
e: file:///home/admin/AndroidStudioProjects/IPTVRevolut/app/src/main/java/com/stream/iptvrevolut/presentation/screens/series/SeriesScreen.kt:59:9 Cannot infer type for type parameter 'T'. Specify it explicitly.
e: file:///home/admin/AndroidStudioProjects/IPTVRevolut/app/src/main/java/com/stream/iptvrevolut/presentation/screens/series/SeriesScreen.kt:59:31 None of the following candidates is applicable:

val ColorSchemeKeyTokens.value: Color:
  Unresolved reference. None of the following candidates is applicable because of a receiver type mismatch:
val ColorSchemeKeyTokens.value: Color

val ShapeKeyTokens.value: Shape:
  Unresolved reference. None of the following candidates is applicable because of a receiver type mismatch:
val ShapeKeyTokens.value: Shape

val TypographyKeyTokens.value: TextStyle:
  Unresolved reference. None of the following candidates is applicable because of a receiver type mismatch:
val TypographyKeyTokens.value: TextStyle
e: file:///home/admin/AndroidStudioProjects/IPTVRevolut/app/src/main/java/com/stream/iptvrevolut/presentation/screens/series/SeriesScreen.kt:59:49 Cannot infer type for type parameter 'T'. Specify it explicitly.

> Task :app:compileDebugKotlin FAILED

FAILURE: Build failed with an exception.

* What went wrong:
Execution failed for task ':app:compileDebugKotlin'.
> A failure occurred while executing org.jetbrains.kotlin.compilerRunner.GradleCompilerRunnerWithWorkers$GradleKotlinCompilerWorkAction
   > Compilation error. See log for more details

* Try:
> Run with --stacktrace option to get the stack trace.
> Run with --info or --debug option to get more log output.
> Run with --scan to generate a Build Scan (Powered by Develocity).
> Get more help at https://help.gradle.org.

BUILD FAILED in 14s
30 actionable tasks: 6 executed, 24 up-to-date
