e: file:///home/admin/AndroidStudioProjects/IPTVRevolut/app/src/main/java/com/stream/iptvrevolut/presentation/components/player/PlayerControls.kt:8:34 Unresolved reference 'icons'.
e: file:///home/admin/AndroidStudioProjects/IPTVRevolut/app/src/main/java/com/stream/iptvrevolut/presentation/components/player/PlayerControls.kt:9:34 Unresolved reference 'icons'.
e: file:///home/admin/AndroidStudioProjects/IPTVRevolut/app/src/main/java/com/stream/iptvrevolut/presentation/components/player/PlayerControls.kt:56:26 Unresolved reference 'Icons'.
e: file:///home/admin/AndroidStudioProjects/IPTVRevolut/app/src/main/java/com/stream/iptvrevolut/presentation/components/player/PlayerControls.kt:68:26 Unresolved reference 'Icons'.
e: file:///home/admin/AndroidStudioProjects/IPTVRevolut/app/src/main/java/com/stream/iptvrevolut/presentation/components/player/PlayerControls.kt:79:26 Unresolved reference 'Icons'.
e: file:///home/admin/AndroidStudioProjects/IPTVRevolut/app/src/main/java/com/stream/iptvrevolut/presentation/components/player/PlayerControls.kt:84:54 Unresolved reference 'Icons'.
e: file:///home/admin/AndroidStudioProjects/IPTVRevolut/app/src/main/java/com/stream/iptvrevolut/presentation/components/player/PlayerControls.kt:84:91 Unresolved reference 'Icons'.
e: file:///home/admin/AndroidStudioProjects/IPTVRevolut/app/src/main/java/com/stream/iptvrevolut/presentation/components/player/PlayerControls.kt:92:26 Unresolved reference 'Icons'.
e: file:///home/admin/AndroidStudioProjects/IPTVRevolut/app/src/main/java/com/stream/iptvrevolut/presentation/components/player/PlayerControls.kt:140:30 Unresolved reference 'Icons'.
e: file:///home/admin/AndroidStudioProjects/IPTVRevolut/app/src/main/java/com/stream/iptvrevolut/presentation/components/player/PlayerControls.kt:144:30 Unresolved reference 'Icons'.
e: file:///home/admin/AndroidStudioProjects/IPTVRevolut/app/src/main/java/com/stream/iptvrevolut/presentation/navigation/AppNavigation.kt:3:34 Unresolved reference 'icons'.
e: file:///home/admin/AndroidStudioProjects/IPTVRevolut/app/src/main/java/com/stream/iptvrevolut/presentation/navigation/AppNavigation.kt:4:34 Unresolved reference 'icons'.
e: file:///home/admin/AndroidStudioProjects/IPTVRevolut/app/src/main/java/com/stream/iptvrevolut/presentation/navigation/Screen.kt:3:34 Unresolved reference 'icons'.
e: file:///home/admin/AndroidStudioProjects/IPTVRevolut/app/src/main/java/com/stream/iptvrevolut/presentation/navigation/Screen.kt:4:34 Unresolved reference 'icons'.
e: file:///home/admin/AndroidStudioProjects/IPTVRevolut/app/src/main/java/com/stream/iptvrevolut/presentation/screens/downloads/DownloadsScreen.kt:8:34 Unresolved reference 'icons'.
e: file:///home/admin/AndroidStudioProjects/IPTVRevolut/app/src/main/java/com/stream/iptvrevolut/presentation/screens/downloads/DownloadsScreen.kt:9:34 Unresolved reference 'icons'.
e: file:///home/admin/AndroidStudioProjects/IPTVRevolut/app/src/main/java/com/stream/iptvrevolut/presentation/screens/downloads/DownloadsScreen.kt:41:26 Unresolved reference 'Icons'.
e: file:///home/admin/AndroidStudioProjects/IPTVRevolut/app/src/main/java/com/stream/iptvrevolut/presentation/screens/downloads/DownloadsScreen.kt:87:65 Unresolved reference 'Icons'.
e: file:///home/admin/AndroidStudioProjects/IPTVRevolut/app/src/main/java/com/stream/iptvrevolut/presentation/screens/downloads/DownloadsScreen.kt:87:90 Unresolved reference 'Icons'.
e: file:///home/admin/AndroidStudioProjects/IPTVRevolut/app/src/main/java/com/stream/iptvrevolut/presentation/screens/downloads/DownloadsScreen.kt:101:26 Unresolved reference 'Icons'.
e: file:///home/admin/AndroidStudioProjects/IPTVRevolut/app/src/main/java/com/stream/iptvrevolut/presentation/screens/downloads/DownloadsScreen.kt:148:34 Unresolved reference 'Icons'.
e: file:///home/admin/AndroidStudioProjects/IPTVRevolut/app/src/main/java/com/stream/iptvrevolut/presentation/screens/downloads/DownloadsScreen.kt:152:34 Unresolved reference 'Icons'.
e: file:///home/admin/AndroidStudioProjects/IPTVRevolut/app/src/main/java/com/stream/iptvrevolut/presentation/screens/home/HomeScreen.kt:8:34 Unresolved reference 'icons'.
e: file:///home/admin/AndroidStudioProjects/IPTVRevolut/app/src/main/java/com/stream/iptvrevolut/presentation/screens/home/HomeScreen.kt:9:34 Unresolved reference 'icons'.
e: file:///home/admin/AndroidStudioProjects/IPTVRevolut/app/src/main/java/com/stream/iptvrevolut/presentation/screens/home/HomeScreen.kt:65:34 Unresolved reference 'Icons'.
e: file:///home/admin/AndroidStudioProjects/IPTVRevolut/app/src/main/java/com/stream/iptvrevolut/presentation/screens/home/HomeScreen.kt:71:34 Unresolved reference 'Icons'.
e: file:///home/admin/AndroidStudioProjects/IPTVRevolut/app/src/main/java/com/stream/iptvrevolut/presentation/screens/home/HomeScreen.kt:113:28 Unresolved reference 'Icons'.
e: file:///home/admin/AndroidStudioProjects/IPTVRevolut/app/src/main/java/com/stream/iptvrevolut/presentation/screens/home/HomeScreen.kt:126:28 Unresolved reference 'Icons'.
e: file:///home/admin/AndroidStudioProjects/IPTVRevolut/app/src/main/java/com/stream/iptvrevolut/presentation/screens/home/HomeScreen.kt:139:28 Unresolved reference 'Icons'.
e: file:///home/admin/AndroidStudioProjects/IPTVRevolut/app/src/main/java/com/stream/iptvrevolut/presentation/screens/home/HomeScreen.kt:152:28 Unresolved reference 'Icons'.
e: file:///home/admin/AndroidStudioProjects/IPTVRevolut/app/src/main/java/com/stream/iptvrevolut/presentation/screens/home/components/ModuleCard.kt:6:34 Unresolved reference 'icons'.
e: file:///home/admin/AndroidStudioProjects/IPTVRevolut/app/src/main/java/com/stream/iptvrevolut/presentation/screens/home/components/ModuleCard.kt:7:34 Unresolved reference 'icons'.
e: file:///home/admin/AndroidStudioProjects/IPTVRevolut/app/src/main/java/com/stream/iptvrevolut/presentation/screens/home/components/ModuleCard.kt:102:39 Unresolved reference 'Icons'.
e: file:///home/admin/AndroidStudioProjects/IPTVRevolut/app/src/main/java/com/stream/iptvrevolut/presentation/screens/livetv/LiveTvScreen.kt:10:34 Unresolved reference 'icons'.
e: file:///home/admin/AndroidStudioProjects/IPTVRevolut/app/src/main/java/com/stream/iptvrevolut/presentation/screens/livetv/LiveTvScreen.kt:11:34 Unresolved reference 'icons'.
e: file:///home/admin/AndroidStudioProjects/IPTVRevolut/app/src/main/java/com/stream/iptvrevolut/presentation/screens/livetv/LiveTvScreen.kt:12:34 Unresolved reference 'icons'.
e: file:///home/admin/AndroidStudioProjects/IPTVRevolut/app/src/main/java/com/stream/iptvrevolut/presentation/screens/livetv/LiveTvScreen.kt:24:8 Unresolved reference 'coil'.
e: file:///home/admin/AndroidStudioProjects/IPTVRevolut/app/src/main/java/com/stream/iptvrevolut/presentation/screens/livetv/LiveTvScreen.kt:69:30 Unresolved reference 'Icons'.
e: file:///home/admin/AndroidStudioProjects/IPTVRevolut/app/src/main/java/com/stream/iptvrevolut/presentation/screens/livetv/LiveTvScreen.kt:74:30 Unresolved reference 'Icons'.
e: file:///home/admin/AndroidStudioProjects/IPTVRevolut/app/src/main/java/com/stream/iptvrevolut/presentation/screens/livetv/LiveTvScreen.kt:107:41 Argument type mismatch: actual type is 'Function0<Unit?>', but 'Function0<Unit>' was expected.
e: file:///home/admin/AndroidStudioProjects/IPTVRevolut/app/src/main/java/com/stream/iptvrevolut/presentation/screens/livetv/LiveTvScreen.kt:211:2 Syntax error: imports are only allowed in the beginning of file.
e: file:///home/admin/AndroidStudioProjects/IPTVRevolut/app/src/main/java/com/stream/iptvrevolut/presentation/screens/livetv/LiveTvScreen.kt:213:34 Unresolved reference 'icons'.
e: file:///home/admin/AndroidStudioProjects/IPTVRevolut/app/src/main/java/com/stream/iptvrevolut/presentation/screens/livetv/LiveTvScreen.kt:214:34 Unresolved reference 'icons'.
e: file:///home/admin/AndroidStudioProjects/IPTVRevolut/app/src/main/java/com/stream/iptvrevolut/presentation/screens/livetv/LiveTvScreen.kt:232:9 Unresolved reference 'AsyncImage'.
e: file:///home/admin/AndroidStudioProjects/IPTVRevolut/app/src/main/java/com/stream/iptvrevolut/presentation/screens/livetv/LiveTvScreen.kt:262:47 Unresolved reference 'Icons'.
e: file:///home/admin/AndroidStudioProjects/IPTVRevolut/app/src/main/java/com/stream/iptvrevolut/presentation/screens/livetv/LiveTvScreen.kt:262:75 Unresolved reference 'Icons'.
e: file:///home/admin/AndroidStudioProjects/IPTVRevolut/app/src/main/java/com/stream/iptvrevolut/presentation/screens/livetv/LiveTvViewModel.kt:102:36 Unresolved reference 'Flow'.
e: file:///home/admin/AndroidStudioProjects/IPTVRevolut/app/src/main/java/com/stream/iptvrevolut/presentation/screens/login/LoginScreen.kt:8:34 Unresolved reference 'icons'.
e: file:///home/admin/AndroidStudioProjects/IPTVRevolut/app/src/main/java/com/stream/iptvrevolut/presentation/screens/login/LoginScreen.kt:9:34 Unresolved reference 'icons'.
e: file:///home/admin/AndroidStudioProjects/IPTVRevolut/app/src/main/java/com/stream/iptvrevolut/presentation/screens/login/LoginScreen.kt:67:24 Unresolved reference 'Icons'.
e: file:///home/admin/AndroidStudioProjects/IPTVRevolut/app/src/main/java/com/stream/iptvrevolut/presentation/screens/login/LoginScreen.kt:77:24 Unresolved reference 'Icons'.
e: file:///home/admin/AndroidStudioProjects/IPTVRevolut/app/src/main/java/com/stream/iptvrevolut/presentation/screens/login/LoginScreen.kt:88:24 Unresolved reference 'Icons'.
e: file:///home/admin/AndroidStudioProjects/IPTVRevolut/app/src/main/java/com/stream/iptvrevolut/presentation/screens/login/LoginScreen.kt:101:38 Unresolved reference 'Icons'.
e: file:///home/admin/AndroidStudioProjects/IPTVRevolut/app/src/main/java/com/stream/iptvrevolut/presentation/screens/login/LoginScreen.kt:105:64 Unresolved reference 'Icons'.
e: file:///home/admin/AndroidStudioProjects/IPTVRevolut/app/src/main/java/com/stream/iptvrevolut/presentation/screens/login/LoginScreen.kt:105:94 Unresolved reference 'Icons'.
e: file:///home/admin/AndroidStudioProjects/IPTVRevolut/app/src/main/java/com/stream/iptvrevolut/presentation/screens/moviedetail/MovieDetailScreen.kt:10:34 Unresolved reference 'icons'.
e: file:///home/admin/AndroidStudioProjects/IPTVRevolut/app/src/main/java/com/stream/iptvrevolut/presentation/screens/moviedetail/MovieDetailScreen.kt:11:34 Unresolved reference 'icons'.
e: file:///home/admin/AndroidStudioProjects/IPTVRevolut/app/src/main/java/com/stream/iptvrevolut/presentation/screens/moviedetail/MovieDetailScreen.kt:27:8 Unresolved reference 'coil'.
e: file:///home/admin/AndroidStudioProjects/IPTVRevolut/app/src/main/java/com/stream/iptvrevolut/presentation/screens/moviedetail/MovieDetailScreen.kt:52:30 Cannot infer type for type parameter 'R'. Specify it explicitly.
e: file:///home/admin/AndroidStudioProjects/IPTVRevolut/app/src/main/java/com/stream/iptvrevolut/presentation/screens/moviedetail/MovieDetailScreen.kt:53:13 Unresolved reference 'AsyncImage'.
e: file:///home/admin/AndroidStudioProjects/IPTVRevolut/app/src/main/java/com/stream/iptvrevolut/presentation/screens/moviedetail/MovieDetailScreen.kt:94:30 Unresolved reference 'Icons'.
e: file:///home/admin/AndroidStudioProjects/IPTVRevolut/app/src/main/java/com/stream/iptvrevolut/presentation/screens/moviedetail/MovieDetailScreen.kt:100:30 Unresolved reference 'Icons'.
e: file:///home/admin/AndroidStudioProjects/IPTVRevolut/app/src/main/java/com/stream/iptvrevolut/presentation/screens/moviedetail/MovieDetailScreen.kt:132:30 Unresolved reference 'Icons'.
e: file:///home/admin/AndroidStudioProjects/IPTVRevolut/app/src/main/java/com/stream/iptvrevolut/presentation/screens/moviedetail/MovieDetailScreen.kt:150:30 Unresolved reference 'Icons'.
e: file:///home/admin/AndroidStudioProjects/IPTVRevolut/app/src/main/java/com/stream/iptvrevolut/presentation/screens/moviedetail/MovieDetailScreen.kt:160:30 Unresolved reference 'Icons'.
e: file:///home/admin/AndroidStudioProjects/IPTVRevolut/app/src/main/java/com/stream/iptvrevolut/presentation/screens/moviedetail/MovieDetailScreen.kt:214:9 Unresolved reference 'AsyncImage'.
e: file:///home/admin/AndroidStudioProjects/IPTVRevolut/app/src/main/java/com/stream/iptvrevolut/presentation/screens/movies/MoviesScreen.kt:12:34 Unresolved reference 'icons'.
e: file:///home/admin/AndroidStudioProjects/IPTVRevolut/app/src/main/java/com/stream/iptvrevolut/presentation/screens/movies/MoviesScreen.kt:13:34 Unresolved reference 'icons'.
e: file:///home/admin/AndroidStudioProjects/IPTVRevolut/app/src/main/java/com/stream/iptvrevolut/presentation/screens/movies/MoviesScreen.kt:14:34 Unresolved reference 'icons'.
e: file:///home/admin/AndroidStudioProjects/IPTVRevolut/app/src/main/java/com/stream/iptvrevolut/presentation/screens/movies/MoviesScreen.kt:15:34 Unresolved reference 'icons'.
e: file:///home/admin/AndroidStudioProjects/IPTVRevolut/app/src/main/java/com/stream/iptvrevolut/presentation/screens/movies/MoviesScreen.kt:29:8 Unresolved reference 'coil'.
e: file:///home/admin/AndroidStudioProjects/IPTVRevolut/app/src/main/java/com/stream/iptvrevolut/presentation/screens/movies/MoviesScreen.kt:73:26 Unresolved reference 'Icons'.
e: file:///home/admin/AndroidStudioProjects/IPTVRevolut/app/src/main/java/com/stream/iptvrevolut/presentation/screens/movies/MoviesScreen.kt:79:59 Unresolved reference 'Icons'.
e: file:///home/admin/AndroidStudioProjects/IPTVRevolut/app/src/main/java/com/stream/iptvrevolut/presentation/screens/movies/MoviesScreen.kt:79:85 Unresolved reference 'Icons'.
e: file:///home/admin/AndroidStudioProjects/IPTVRevolut/app/src/main/java/com/stream/iptvrevolut/presentation/screens/movies/MoviesScreen.kt:144:2 Syntax error: imports are only allowed in the beginning of file.
e: file:///home/admin/AndroidStudioProjects/IPTVRevolut/app/src/main/java/com/stream/iptvrevolut/presentation/screens/movies/MoviesScreen.kt:146:34 Unresolved reference 'icons'.
e: file:///home/admin/AndroidStudioProjects/IPTVRevolut/app/src/main/java/com/stream/iptvrevolut/presentation/screens/movies/MoviesScreen.kt:167:13 Unresolved reference 'AsyncImage'.
e: file:///home/admin/AndroidStudioProjects/IPTVRevolut/app/src/main/java/com/stream/iptvrevolut/presentation/screens/movies/MoviesScreen.kt:184:51 Unresolved reference 'Icons'.
e: file:///home/admin/AndroidStudioProjects/IPTVRevolut/app/src/main/java/com/stream/iptvrevolut/presentation/screens/movies/MoviesScreen.kt:184:79 Unresolved reference 'Icons'.
e: file:///home/admin/AndroidStudioProjects/IPTVRevolut/app/src/main/java/com/stream/iptvrevolut/presentation/screens/movies/MoviesViewModel.kt:106:36 Unresolved reference 'Flow'.
e: file:///home/admin/AndroidStudioProjects/IPTVRevolut/app/src/main/java/com/stream/iptvrevolut/presentation/screens/profileselector/ProfileSelectorScreen.kt:7:34 Unresolved reference 'icons'.
e: file:///home/admin/AndroidStudioProjects/IPTVRevolut/app/src/main/java/com/stream/iptvrevolut/presentation/screens/profileselector/ProfileSelectorScreen.kt:8:34 Unresolved reference 'icons'.
e: file:///home/admin/AndroidStudioProjects/IPTVRevolut/app/src/main/java/com/stream/iptvrevolut/presentation/screens/profileselector/ProfileSelectorScreen.kt:9:34 Unresolved reference 'icons'.
e: file:///home/admin/AndroidStudioProjects/IPTVRevolut/app/src/main/java/com/stream/iptvrevolut/presentation/screens/profileselector/ProfileSelectorScreen.kt:10:34 Unresolved reference 'icons'.
e: file:///home/admin/AndroidStudioProjects/IPTVRevolut/app/src/main/java/com/stream/iptvrevolut/presentation/screens/profileselector/ProfileSelectorScreen.kt:11:34 Unresolved reference 'icons'.
e: file:///home/admin/AndroidStudioProjects/IPTVRevolut/app/src/main/java/com/stream/iptvrevolut/presentation/screens/profileselector/ProfileSelectorScreen.kt:57:31 Unresolved reference 'Icons'.
e: file:///home/admin/AndroidStudioProjects/IPTVRevolut/app/src/main/java/com/stream/iptvrevolut/presentation/screens/profileselector/ProfileSelectorScreen.kt:119:31 Unresolved reference 'Icons'.
e: file:///home/admin/AndroidStudioProjects/IPTVRevolut/app/src/main/java/com/stream/iptvrevolut/presentation/screens/profileselector/ProfileSelectorScreen.kt:144:35 Unresolved reference 'Icons'.
e: file:///home/admin/AndroidStudioProjects/IPTVRevolut/app/src/main/java/com/stream/iptvrevolut/presentation/screens/series/SeriesScreen.kt:12:34 Unresolved reference 'icons'.
e: file:///home/admin/AndroidStudioProjects/IPTVRevolut/app/src/main/java/com/stream/iptvrevolut/presentation/screens/series/SeriesScreen.kt:13:34 Unresolved reference 'icons'.
e: file:///home/admin/AndroidStudioProjects/IPTVRevolut/app/src/main/java/com/stream/iptvrevolut/presentation/screens/series/SeriesScreen.kt:14:34 Unresolved reference 'icons'.
e: file:///home/admin/AndroidStudioProjects/IPTVRevolut/app/src/main/java/com/stream/iptvrevolut/presentation/screens/series/SeriesScreen.kt:28:8 Unresolved reference 'coil'.
e: file:///home/admin/AndroidStudioProjects/IPTVRevolut/app/src/main/java/com/stream/iptvrevolut/presentation/screens/series/SeriesScreen.kt:72:26 Unresolved reference 'Icons'.
e: file:///home/admin/AndroidStudioProjects/IPTVRevolut/app/src/main/java/com/stream/iptvrevolut/presentation/screens/series/SeriesScreen.kt:78:59 Unresolved reference 'Icons'.
e: file:///home/admin/AndroidStudioProjects/IPTVRevolut/app/src/main/java/com/stream/iptvrevolut/presentation/screens/series/SeriesScreen.kt:78:85 Unresolved reference 'Icons'.
e: file:///home/admin/AndroidStudioProjects/IPTVRevolut/app/src/main/java/com/stream/iptvrevolut/presentation/screens/series/SeriesScreen.kt:158:2 Syntax error: imports are only allowed in the beginning of file.
e: file:///home/admin/AndroidStudioProjects/IPTVRevolut/app/src/main/java/com/stream/iptvrevolut/presentation/screens/series/SeriesScreen.kt:160:34 Unresolved reference 'icons'.
e: file:///home/admin/AndroidStudioProjects/IPTVRevolut/app/src/main/java/com/stream/iptvrevolut/presentation/screens/series/SeriesScreen.kt:181:13 Unresolved reference 'AsyncImage'.
e: file:///home/admin/AndroidStudioProjects/IPTVRevolut/app/src/main/java/com/stream/iptvrevolut/presentation/screens/series/SeriesScreen.kt:198:51 Unresolved reference 'Icons'.
e: file:///home/admin/AndroidStudioProjects/IPTVRevolut/app/src/main/java/com/stream/iptvrevolut/presentation/screens/series/SeriesScreen.kt:198:79 Unresolved reference 'Icons'.
e: file:///home/admin/AndroidStudioProjects/IPTVRevolut/app/src/main/java/com/stream/iptvrevolut/presentation/screens/series/SeriesViewModel.kt:106:36 Unresolved reference 'Flow'.
e: file:///home/admin/AndroidStudioProjects/IPTVRevolut/app/src/main/java/com/stream/iptvrevolut/presentation/screens/seriesdetail/SeriesDetailScreen.kt:12:34 Unresolved reference 'icons'.
e: file:///home/admin/AndroidStudioProjects/IPTVRevolut/app/src/main/java/com/stream/iptvrevolut/presentation/screens/seriesdetail/SeriesDetailScreen.kt:13:34 Unresolved reference 'icons'.
e: file:///home/admin/AndroidStudioProjects/IPTVRevolut/app/src/main/java/com/stream/iptvrevolut/presentation/screens/seriesdetail/SeriesDetailScreen.kt:27:8 Unresolved reference 'coil'.
e: file:///home/admin/AndroidStudioProjects/IPTVRevolut/app/src/main/java/com/stream/iptvrevolut/presentation/screens/seriesdetail/SeriesDetailScreen.kt:57:32 Cannot infer type for type parameter 'R'. Specify it explicitly.
e: file:///home/admin/AndroidStudioProjects/IPTVRevolut/app/src/main/java/com/stream/iptvrevolut/presentation/screens/seriesdetail/SeriesDetailScreen.kt:58:13 Unresolved reference 'AsyncImage'.
e: file:///home/admin/AndroidStudioProjects/IPTVRevolut/app/src/main/java/com/stream/iptvrevolut/presentation/screens/seriesdetail/SeriesDetailScreen.kt:100:30 Unresolved reference 'Icons'.
e: file:///home/admin/AndroidStudioProjects/IPTVRevolut/app/src/main/java/com/stream/iptvrevolut/presentation/screens/seriesdetail/SeriesDetailScreen.kt:106:30 Unresolved reference 'Icons'.
e: file:///home/admin/AndroidStudioProjects/IPTVRevolut/app/src/main/java/com/stream/iptvrevolut/presentation/screens/seriesdetail/SeriesDetailScreen.kt:198:22 Unresolved reference 'Icons'.
e: file:///home/admin/AndroidStudioProjects/IPTVRevolut/app/src/main/java/com/stream/iptvrevolut/presentation/screens/seriesdetail/SeriesDetailScreen.kt:218:22 Unresolved reference 'Icons'.
e: file:///home/admin/AndroidStudioProjects/IPTVRevolut/app/src/main/java/com/stream/iptvrevolut/presentation/screens/settings/SettingsScreen.kt:8:34 Unresolved reference 'icons'.
e: file:///home/admin/AndroidStudioProjects/IPTVRevolut/app/src/main/java/com/stream/iptvrevolut/presentation/screens/settings/SettingsScreen.kt:9:34 Unresolved reference 'icons'.
e: file:///home/admin/AndroidStudioProjects/IPTVRevolut/app/src/main/java/com/stream/iptvrevolut/presentation/screens/settings/SettingsScreen.kt:40:26 Unresolved reference 'Icons'.
e: file:///home/admin/AndroidStudioProjects/IPTVRevolut/app/src/main/java/com/stream/iptvrevolut/presentation/screens/settings/SettingsScreen.kt:55:24 Unresolved reference 'Icons'.
e: file:///home/admin/AndroidStudioProjects/IPTVRevolut/app/src/main/java/com/stream/iptvrevolut/presentation/screens/settings/SettingsScreen.kt:61:24 Unresolved reference 'Icons'.
e: file:///home/admin/AndroidStudioProjects/IPTVRevolut/app/src/main/java/com/stream/iptvrevolut/presentation/screens/settings/SettingsScreen.kt:67:24 Unresolved reference 'Icons'.
e: file:///home/admin/AndroidStudioProjects/IPTVRevolut/app/src/main/java/com/stream/iptvrevolut/presentation/screens/settings/SettingsScreen.kt:83:24 Unresolved reference 'Icons'.
e: file:///home/admin/AndroidStudioProjects/IPTVRevolut/app/src/main/java/com/stream/iptvrevolut/presentation/screens/settings/SettingsScreen.kt:90:24 Unresolved reference 'Icons'.
e: file:///home/admin/AndroidStudioProjects/IPTVRevolut/app/src/main/java/com/stream/iptvrevolut/presentation/screens/settings/SettingsScreen.kt:97:24 Unresolved reference 'Icons'.
e: file:///home/admin/AndroidStudioProjects/IPTVRevolut/app/src/main/java/com/stream/iptvrevolut/presentation/screens/settings/SettingsScreen.kt:110:24 Unresolved reference 'Icons'.
e: file:///home/admin/AndroidStudioProjects/IPTVRevolut/app/src/main/java/com/stream/iptvrevolut/presentation/screens/settings/SettingsScreen.kt:117:24 Unresolved reference 'Icons'.
e: file:///home/admin/AndroidStudioProjects/IPTVRevolut/app/src/main/java/com/stream/iptvrevolut/presentation/screens/settings/SettingsScreen.kt:151:14 Unresolved reference 'clickable'.
e: file:///home/admin/AndroidStudioProjects/IPTVRevolut/app/src/main/java/com/stream/iptvrevolut/presentation/screens/settings/SettingsScreen.kt:175:14 Unresolved reference 'clickable'.
e: file:///home/admin/AndroidStudioProjects/IPTVRevolut/app/src/main/java/com/stream/iptvrevolut/presentation/screens/splash/SplashScreen.kt:6:34 Unresolved reference 'icons'.
e: file:///home/admin/AndroidStudioProjects/IPTVRevolut/app/src/main/java/com/stream/iptvrevolut/presentation/screens/splash/SplashScreen.kt:7:34 Unresolved reference 'icons'.
e: file:///home/admin/AndroidStudioProjects/IPTVRevolut/app/src/main/java/com/stream/iptvrevolut/presentation/screens/splash/SplashScreen.kt:57:31 Unresolved reference 'Icons'.

FAILURE: Build failed with an exception.

* What went wrong:
Execution failed for task ':app:compileDebugKotlin'.
> A failure occurred while executing org.jetbrains.kotlin.compilerRunner.GradleCompilerRunnerWithWorkers$GradleKotlinCompilerWorkAction
   > Compilation error. See log for more details

* Try:
> Run with --stacktrace option to get the stack trace.
> Run with --info or --debug option to get more log output.
> Run with --scan to generate a Build Scan (Powered by Develocity).
> Get more help at https://help.gradle.org.

BUILD FAILED in 7s
